2025-07-30 11:12:03.597   957-4489  WindowManager           system_server                        E  win=Window{400b212 u0 com.google.sample.cast.refplayer/com.google.sample.cast.refplayer.mediaplayer.LocalPlayerActivity} destroySurfaces: appStopped=true win.mWindowRemovalAllowed=false win.mRemoveOnExit=false win.mViewVisibility=8 caller=com.android.server.wm.ActivityRecord.destroySurfaces:5873 com.android.server.wm.ActivityRecord.destroySurfaces:5854 com.android.server.wm.ActivityRecord.notifyAppStopped:5918 com.android.server.wm.ActivityRecord.activityStopped:6560 com.android.server.wm.ActivityClientController.activityStopped:254 android.app.IActivityClientController$Stub.onTransact:596 com.android.server.wm.ActivityClientController.onTransact:130 
2025-07-30 11:12:03.605 27232-27232 SurfaceView@60fc934     com.google.sample.cast.refplayer     D  updateSurface: surface is not valid
2025-07-30 11:12:05.611   541-548   statsd                  statsd                               E  Predicate -7037417284711607308 dropping data for dimension key (10)0x2010101->11973[I] (10)0x30000->CastDeviceController-com.google.sample.cast.refplayer[S] 
2025-07-30 11:12:05.612   541-548   statsd                  statsd                               E  Predicate 5980654721335871649 dropping data for dimension key (10)0x2010101->11973[I] (10)0x30000->CastDeviceController-com.google.sample.cast.refplayer[S] 
2025-07-30 11:12:05.616   541-548   statsd                  statsd                               E  Predicate -7037417284711607308 dropping data for dimension key (10)0x2010101->11973[I] (10)0x30000->CastDeviceController-com.google.sample.cast.refplayer[S] 
2025-07-30 11:12:05.616   541-548   statsd                  statsd                               E  Predicate 5980654721335871649 dropping data for dimension key (10)0x2010101->11973[I] (10)0x30000->CastDeviceController-com.google.sample.cast.refplayer[S] 
2025-07-30 11:12:06.537   541-548   statsd                  statsd                               E  Predicate -7037417284711607308 dropping data for dimension key (10)0x2010101->11973[I] (10)0x30000->CastDeviceController-com.google.sample.cast.refplayer[S] 
2025-07-30 11:12:06.538   541-548   statsd                  statsd                               E  Predicate 5980654721335871649 dropping data for dimension key (10)0x2010101->11973[I] (10)0x30000->CastDeviceController-com.google.sample.cast.refplayer[S] 
2025-07-30 11:12:06.540   541-548   statsd                  statsd                               E  Predicate -7037417284711607308 dropping data for dimension key (10)0x2010101->11973[I] (10)0x30000->CastDeviceController-com.google.sample.cast.refplayer[S] 
2025-07-30 11:12:06.540   541-548   statsd                  statsd                               E  Predicate 5980654721335871649 dropping data for dimension key (10)0x2010101->11973[I] (10)0x30000->CastDeviceController-com.google.sample.cast.refplayer[S] 
2025-07-30 11:12:06.565 27232-27232 QueueDataProvider       com.google.sample.cast.refplayer     D  updateMediaQueue 
2025-07-30 11:12:06.566 27232-27232 QueueDataProvider       com.google.sample.cast.refplayer     D  updateMediaQueue() with mCurrentItem=null
2025-07-30 11:12:06.566 27232-27232 QueueDataProvider       com.google.sample.cast.refplayer     D  updateMediaQueue() with mUpcomingItem=null
2025-07-30 11:12:06.566 27232-27232 QueueDataProvider       com.google.sample.cast.refplayer     D  onStatusUpdated Queue was updated
2025-07-30 11:12:06.576 27232-27232 QueueDataProvider       com.google.sample.cast.refplayer     D  updateMediaQueue 
2025-07-30 11:12:06.576 27232-27232 QueueDataProvider       com.google.sample.cast.refplayer     D  updateMediaQueue() with mCurrentItem=null
2025-07-30 11:12:06.576 27232-27232 QueueDataProvider       com.google.sample.cast.refplayer     D  updateMediaQueue() with mUpcomingItem=null
2025-07-30 11:12:06.576 27232-27232 QueueDataProvider       com.google.sample.cast.refplayer     D  onQueueStatusUpdated Queue was updated
2025-07-30 11:12:06.577 27232-27232 SurfaceView@60fc934     com.google.sample.cast.refplayer     D  updateSurface: surface is not valid
2025-07-30 11:12:06.607 27232-27232 ViewRootIm...sActivity] com.google.sample.cast.refplayer     I  MSG_WINDOW_FOCUS_CHANGED 0 1
2025-07-30 11:12:06.609 27232-27232 SurfaceView@60fc934     com.google.sample.cast.refplayer     D  updateSurface: surface is not valid
2025-07-30 11:12:06.610 27232-27232 ViewRootIm...rActivity] com.google.sample.cast.refplayer     I  handleAppVisibility mAppVisible=false visible=true
2025-07-30 11:12:06.611 27232-27232 ViewRootIm...rActivity] com.google.sample.cast.refplayer     I  stopped(false) old=true
2025-07-30 11:12:06.613 27232-27232 LocalPlayerActivity     com.google.sample.cast.refplayer     D  onStart() was called
2025-07-30 11:12:06.615 27232-27232 MSHandlerLifeCycle      com.google.sample.cast.refplayer     I  isMultiSplitHandlerRequested: windowingMode=1 isFullscreen=true isPopOver=false isHidden=false skipActivityType=false isHandlerType=true this: DecorView@b0194a5[LocalPlayerActivity]
2025-07-30 11:12:06.615 27232-27232 MSHandlerLifeCycle      com.google.sample.cast.refplayer     I  removeMultiSplitHandler: no exist. decor=DecorView@b0194a5[LocalPlayerActivity]
2025-07-30 11:12:06.615 27232-27232 ViewRootIm...rActivity] com.google.sample.cast.refplayer     I  stopped(false) old=false
2025-07-30 11:12:06.616 27232-27232 LocalPlayerActivity     com.google.sample.cast.refplayer     D  onResume() was called
2025-07-30 11:12:06.617 27232-27232 PlaybackAdapter         com.google.sample.cast.refplayer     D  [videoWoAudioFocus] update playback state to 0
2025-07-30 11:12:06.617 27232-27232 LocalPlayerActivity     com.google.sample.cast.refplayer     D  updatePlaybackButton with isPlaybackLocal = false, isActive = false
2025-07-30 11:12:06.619 27232-27232 MSHandlerLifeCycle      com.google.sample.cast.refplayer     I  isMultiSplitHandlerRequested: windowingMode=1 isFullscreen=true isPopOver=false isHidden=false skipActivityType=false isHandlerType=true this: DecorView@b0194a5[LocalPlayerActivity]
2025-07-30 11:12:06.619 27232-27232 MSHandlerLifeCycle      com.google.sample.cast.refplayer     I  removeMultiSplitHandler: no exist. decor=DecorView@b0194a5[LocalPlayerActivity]
2025-07-30 11:12:06.620 27232-27232 SurfaceView@60fc934     com.google.sample.cast.refplayer     I  onWindowVisibilityChanged(0) false android.widget.VideoView{60fc934 VFE...... .F...... 0,0-1080,607 #7f09016c app:id/videoView1 aid=1073741824} of ViewRootImpl@c2307af[LocalPlayerActivity]
2025-07-30 11:12:06.620 27232-27232 SurfaceView@60fc934     com.google.sample.cast.refplayer     D  updateSurface: surface is not valid
2025-07-30 11:12:06.622 27232-27256 OpenGLRenderer          com.google.sample.cast.refplayer     D  setSurface called with nullptr
2025-07-30 11:12:06.636 27232-27232 ViewRootIm...rActivity] com.google.sample.cast.refplayer     I  Relayout returned: old=(0,0,1080,2280) new=(0,0,1080,2280) req=(1080,2280)0 dur=10 res=0x7 s={true 478181004960} ch=true fn=-1
2025-07-30 11:12:06.638 27232-27232 SurfaceView@60fc934     com.google.sample.cast.refplayer     I  windowStopped(false) true android.widget.VideoView{60fc934 VFE...... .F...... 0,0-1080,607 #7f09016c app:id/videoView1 aid=1073741824} of ViewRootImpl@c2307af[LocalPlayerActivity]
2025-07-30 11:12:06.639 27232-27256 OpenGLRenderer          com.google.sample.cast.refplayer     D  eglCreateWindowSurface
2025-07-30 11:12:06.645 27232-27232 SurfaceView@60fc934     com.google.sample.cast.refplayer     I  pST: sr = Rect(0, 237 - 1080, 844) sw = 1080 sh = 607
2025-07-30 11:12:06.645 27232-27232 SurfaceView@60fc934     com.google.sample.cast.refplayer     I  onSSPAndSRT: pl = 0 pt = 237 sx = 1.0 sy = 1.0
2025-07-30 11:12:06.646 27232-27232 SurfaceView@60fc934     com.google.sample.cast.refplayer     I  pST: mTmpTransaction.apply, mTmpTransaction = android.view.SurfaceControl$Transaction@4445e4a
2025-07-30 11:12:06.646 27232-27232 SurfaceView@60fc934     com.google.sample.cast.refplayer     I  updateSurface: mVisible = true mSurface.isValid() = true
2025-07-30 11:12:06.646 27232-27232 SurfaceView@60fc934     com.google.sample.cast.refplayer     I  updateSurface: mSurfaceCreated = false surfaceChanged = true visibleChanged = true
2025-07-30 11:12:06.646 27232-27232 SurfaceView@60fc934     com.google.sample.cast.refplayer     I  surfaceCreated 1 #1 android.widget.VideoView{60fc934 VFE...... .F...... 0,0-1080,607 #7f09016c app:id/videoView1 aid=1073741824}
2025-07-30 11:12:06.646 27232-27232 SurfaceView@60fc934     com.google.sample.cast.refplayer     I  surfaceChanged (1080,607) 1 #1 android.widget.VideoView{60fc934 VFE...... .F...... 0,0-1080,607 #7f09016c app:id/videoView1 aid=1073741824}
2025-07-30 11:12:06.646 27232-27232 ViewRootIm...rActivity] com.google.sample.cast.refplayer     I  [DP] dp(1) 1 android.view.SurfaceView.updateSurface:1375 android.view.SurfaceView.setWindowStopped:383 android.view.SurfaceView.surfaceCreated:2051 
2025-07-30 11:12:06.646 27232-27232 ViewRootIm...rActivity] com.google.sample.cast.refplayer     I  [DP] pdf(0) 1 android.view.SurfaceView.notifyDrawFinished:599 android.view.SurfaceView.performDrawFinished:586 android.view.SurfaceView.$r8$lambda$st27mCkd9jfJkTrN_P3qIGKX6NY:0 
2025-07-30 11:12:06.647 27232-27232 ViewRootIm...rActivity] com.google.sample.cast.refplayer     I  [DP] rdf()
2025-07-30 11:12:06.647 27232-27232 ViewRootIm...rActivity] com.google.sample.cast.refplayer     D  reportDrawFinished (fn: -1) 
2025-07-30 11:12:06.647 27232-27232 ViewRootIm...rActivity] com.google.sample.cast.refplayer     I  [DP] dp(1) 1 android.view.ViewRootImpl.reportNextDraw:11442 android.view.ViewRootImpl.performTraversals:4198 android.view.ViewRootImpl.doTraversal:2924 
2025-07-30 11:12:06.647 27232-27232 ViewRootIm...rActivity] com.google.sample.cast.refplayer     D  Creating frameDrawingCallback nextDrawUseBlastSync=false reportNextDraw=true hasBlurUpdates=false
2025-07-30 11:12:06.647 27232-27232 ViewRootIm...rActivity] com.google.sample.cast.refplayer     D  Creating frameCompleteCallback
2025-07-30 11:12:06.649 27232-27287 SurfaceView@60fc934     com.google.sample.cast.refplayer     I  uSP: rtp = Rect(0, 237 - 1080, 844) rtsw = 1080 rtsh = 607
2025-07-30 11:12:06.649 27232-27287 SurfaceView@60fc934     com.google.sample.cast.refplayer     I  onSSPAndSRT: pl = 0 pt = 237 sx = 1.0 sy = 1.0
2025-07-30 11:12:06.649 27232-27287 SurfaceView@60fc934     com.google.sample.cast.refplayer     I  aOrMT: uB = true t = android.view.SurfaceControl$Transaction@16adc69 fN = 1 android.view.SurfaceView.access$500:124 android.view.SurfaceView$SurfaceViewPositionUpdateListener.positionChanged:1728 android.graphics.RenderNode$CompositePositionUpdateListener.positionChanged:319 
2025-07-30 11:12:06.649 27232-27287 SurfaceView@60fc934     com.google.sample.cast.refplayer     I  aOrMT: vR.mWNT, vR = ViewRootImpl@c2307af[LocalPlayerActivity]
2025-07-30 11:12:06.649 27232-27287 ViewRootIm...rActivity] com.google.sample.cast.refplayer     I  mWNT: t = android.view.SurfaceControl$Transaction@16adc69 fN = 1 android.view.SurfaceView.applyOrMergeTransaction:1628 android.view.SurfaceView.access$500:124 android.view.SurfaceView$SurfaceViewPositionUpdateListener.positionChanged:1728 
2025-07-30 11:12:06.649 27232-27287 ViewRootIm...rActivity] com.google.sample.cast.refplayer     I  mWNT: merge t to BBQ
2025-07-30 11:12:06.649 27232-27287 ViewRootIm...rActivity] com.google.sample.cast.refplayer     D  Received frameDrawingCallback frameNum=1. Creating transactionCompleteCallback=false
2025-07-30 11:12:06.655 27232-27256 ViewRootIm...rActivity] com.google.sample.cast.refplayer     D  Received frameCompleteCallback  lastAcquiredFrameNum=1 lastAttemptedDrawFrameNum=1
2025-07-30 11:12:06.655 27232-27232 ViewRootIm...rActivity] com.google.sample.cast.refplayer     I  [DP] pdf(0) 1 android.view.ViewRootImpl.lambda$addFrameCompleteCallbackIfNeeded$3$ViewRootImpl:5000 android.view.ViewRootImpl$$ExternalSyntheticLambda16.run:6 android.os.Handler.handleCallback:938 
2025-07-30 11:12:06.655 27232-27232 ViewRootIm...rActivity] com.google.sample.cast.refplayer     I  [DP] rdf()
2025-07-30 11:12:06.655 27232-27232 ViewRootIm...rActivity] com.google.sample.cast.refplayer     D  reportDrawFinished (fn: -1) 
2025-07-30 11:12:06.670 27232-27232 ViewRootIm...rActivity] com.google.sample.cast.refplayer     I  MSG_WINDOW_FOCUS_CHANGED 1 1
2025-07-30 11:12:06.673 27232-27232 InputMethodManager      com.google.sample.cast.refplayer     D  startInputInner - Id : 0
2025-07-30 11:12:06.673 27232-27232 InputMethodManager      com.google.sample.cast.refplayer     I  startInputInner - mService.startInputOrWindowGainedFocus
2025-07-30 11:12:06.953 27232-27232 InsetsSourceConsumer    com.google.sample.cast.refplayer     D  ensureControlPosition: Point(0, 2154) for ITYPE_NAVIGATION_BAR on com.google.sample.cast.refplayer/com.google.sample.cast.refplayer.mediaplayer.LocalPlayerActivity from android.view.InsetsSourceConsumer.notifyAnimationFinished:384
2025-07-30 11:12:06.954 27232-27232 InsetsSourceConsumer    com.google.sample.cast.refplayer     D  ensureControlPosition: Point(0, 0) for ITYPE_STATUS_BAR on com.google.sample.cast.refplayer/com.google.sample.cast.refplayer.mediaplayer.LocalPlayerActivity from android.view.InsetsSourceConsumer.notifyAnimationFinished:384
2025-07-30 11:12:06.954 27232-27232 ViewRootIm...sActivity] com.google.sample.cast.refplayer     I  handleAppVisibility mAppVisible=true visible=false
2025-07-30 11:12:06.983 27232-27256 OpenGLRenderer          com.google.sample.cast.refplayer     D  setSurface called with nullptr
2025-07-30 11:12:06.984 27232-27256 OpenGLRenderer          com.google.sample.cast.refplayer     D  setSurface() destroyed EGLSurface
2025-07-30 11:12:06.984 27232-27256 OpenGLRenderer          com.google.sample.cast.refplayer     D  destroyEglSurface
2025-07-30 11:12:06.998 27232-27232 ViewRootIm...sActivity] com.google.sample.cast.refplayer     I  Relayout returned: old=(0,90,1080,2280) new=(0,90,1080,2280) req=(1080,2190)8 dur=9 res=0x5 s={false 0} ch=true fn=227
2025-07-30 11:12:07.001 27232-27232 ViewRootIm...sActivity] com.google.sample.cast.refplayer     I  stopped(true) old=false
2025-07-30 11:12:07.008 27232-27232 MSHandlerLifeCycle      com.google.sample.cast.refplayer     I  isMultiSplitHandlerRequested: windowingMode=1 isFullscreen=true isPopOver=false isHidden=false skipActivityType=false isHandlerType=true this: DecorView@5710ac8[ExpandedControlsActivity]
2025-07-30 11:12:07.008 27232-27232 MSHandlerLifeCycle      com.google.sample.cast.refplayer     I  removeMultiSplitHandler: no exist. decor=DecorView@5710ac8[ExpandedControlsActivity]
2025-07-30 11:12:07.017 27232-27232 MSHandlerLifeCycle      com.google.sample.cast.refplayer     I  removeMultiSplitHandler: no exist. decor=DecorView@5710ac8[ExpandedControlsActivity]
2025-07-30 11:12:07.018 27232-27256 OpenGLRenderer          com.google.sample.cast.refplayer     D  setSurface called with nullptr
2025-07-30 11:12:07.018 27232-27232 ViewRootIm...sActivity] com.google.sample.cast.refplayer     I  dispatchDetachedFromWindow
2025-07-30 11:12:07.029 27232-27232 InputTransport          com.google.sample.cast.refplayer     D  Input channel destroyed: 'f2898ff', fd=125
2025-07-30 11:12:11.448   541-548   statsd                  statsd                               E  Predicate -7037417284711607308 dropping data for dimension key (10)0x2010101->11973[I] (10)0x30000->CastDeviceController-com.google.sample.cast.refplayer[S] 
2025-07-30 11:12:11.449   541-548   statsd                  statsd                               E  Predicate 5980654721335871649 dropping data for dimension key (10)0x2010101->11973[I] (10)0x30000->CastDeviceController-com.google.sample.cast.refplayer[S] 
2025-07-30 11:12:11.457   541-548   statsd                  statsd                               E  Predicate -7037417284711607308 dropping data for dimension key (10)0x2010101->11973[I] (10)0x30000->CastDeviceController-com.google.sample.cast.refplayer[S] 
2025-07-30 11:12:11.457   541-548   statsd                  statsd                               E  Predicate 5980654721335871649 dropping data for dimension key (10)0x2010101->11973[I] (10)0x30000->CastDeviceController-com.google.sample.cast.refplayer[S] 
